[countpatients.wordpress.com/index.html]
[backblue.gif]
[fade.gif]
[index.html]
[s2.wp.com/wp-content/mu-plugins/global-print/global-printa1cf.css]
[countpatients.wordpress.com/feed/index.html]
[countpatients.wordpress.com/comments/feed/index.html]
[s0.wp.com/_static/index77c1.html]
[countpatients.wordpress.com/xmlrpc0db0.php]
[s2.wp.com/i/webclip.png]
[countpatients.wordpress.com/osd.xml]
[countpatients.files.wordpress.com/2018/06/image.png]
[countpatients.files.wordpress.com/2018/06/8651635556e7.jpg]
[countpatients.wordpress.com/2018/06/15/the-journey-begins/index.html]
[countpatients.wordpress.com/author/meharparmar12/index.html]
[countpatients.files.wordpress.com/2018/06/17328412-a-concept-related-to-many-areas-of-timing-in-the-medical-field-e1529101716916ee67.jpg]
[0.gravatar.com/js/gprofilesf88c.js]
[s1.wp.com/wp-content/mu-plugins/gravatar-hovercards/wpgrohoc3b6.js]
[s0.wp.com/wp-content/mu-plugins/carousel/jetpack-carousel1e46.css]
[countpatients.wordpress.com/wp-content/plugins/ie-sitemode/custom-jumplist.php]
[s.skimresources.com/js/725X1342.skimlinks.js]
[stats.wp.com/w9f61.js]
[pixel.wp.com/b0b80.gif]
[countpatients.wordpress.com/index.html]
[s2.wp.com/wp-content/mu-plugins/global-print/global-printa1cf.css]
[s0.wp.com/_static/index77c1.html]
[countpatients.wordpress.com/2018/06/15/the-journey-begins/index.html]
[countpatients.wordpress.com/author/meharparmar12/index.html]
[countpatients.wordpress.com/2018/06/15/the-journey-begins/amp/index.html]
[pixel.wp.com/g9818.gif]
[0.gravatar.com/js/gprofilesf88c.js]
[s1.wp.com/wp-content/mu-plugins/gravatar-hovercards/wpgrohoc3b6.js]
[countpatients.wordpress.com/author/meharparmar12/feed/index.html]
[s0.wp.com/wp-content/mu-plugins/carousel/images/arrows.png]
[countpatients.wordpress.com/ABCDEFGHIJKLMNOPQRSTUVWXYZabcdefghijklmnopqrstuvwxyz0123456789+/index.html]
[s0.wp.com/wp-content/mu-plugins/carousel/images/arrows-2x.png]
[s0.wp.com/wp-content/mu-plugins/carousel/images/carousel-spritee4da.png]
[s0.wp.com/wp-content/mu-plugins/carousel/images/carousel-sprite-2xe4da.png]
[s0.wp.com/wp-content/mu-plugins/carousel/jetpack-carousel1e46.css]
[countpatients.wordpress.com/div.c]
[s.skimresources.com/js/725X1342.skimlinks.js]
[countpatients.wordpress.com/g.gif]
[countpatients.wordpress.com/c.gif]
[pixel.wp.com/t.gif]
[stats.wp.com/w9f61.js]
[countpatients.files.wordpress.com/2018/06/86516355.jpg]
[cdn.ampproject.org/v0.js]
[s2.wp.com/wp-content/plugins/amp/assets/images/placeholder-icon.png]
[countpatients.files.wordpress.com/2018/06/865163559164.jpg]
[pixel.wp.com/b8bd6.gif]
[countpatients.wordpress.com/category/uncategorized/index.html]
[pixel.wp.com/bad92.gif]
[countpatients.wordpress.com/2018/06/15/the-journey-begins/amp/index.html]
[countpatients.wordpress.com/ABCDEFGHIJKLMNOPQRSTUVWXYZabcdefghijklmnopqrstuvwxyz0123456789+/index.html]
[s.skimresources.com/js/GDPR.html]
[countpatients.wordpress.com/div.html]
[countpatients.wordpress.com/g.html]
[countpatients.wordpress.com/c.html]
[countpatients.wordpress.com/category/uncategorized/index.html]
[countpatients.wordpress.com/category/uncategorized/feed/index.html]
